Microchip MPLAB XC8 Compiler V1.35 ()

Linker command line:

--edf=C:\Program Files (x86)\Microchip\xc8\v1.35\dat\en_msgs.txt -cs \
  -h+dist/default/production\led_matrix_ds18b20.X.production.sym \
  --cmf=dist/default/production\led_matrix_ds18b20.X.production.cmf -z \
  -Q16F887 -oC:\Users\Nhut\AppData\Local\Temp\sjf0.2 \
  -Mdist/default/production/led_matrix_ds18b20.X.production.map -E1 \
  -ver=XC8 -ASTACK=0110h-016fh -pstack=STACK -ACODE=00h-07FFhx4 \
  -ASTRCODE=00h-01FFFh -ASTRING=00h-0FFhx32 -ACONST=00h-0FFhx32 \
  -AENTRY=00h-0FFhx32 -ACOMMON=070h-07Fh -ABANK0=020h-06Fh \
  -ABANK1=0A0h-0EFh -ABANK2=0110h-016Fh -ABANK3=0190h-01EFh \
  -ARAM=020h-06Fh,0A0h-0EFh,0110h-016Fh,0190h-01EFh \
  -AABS1=020h-07Fh,0A0h-0EFh,0110h-016Fh,0190h-01EFh -ASFR0=00h-01Fh \
  -ASFR1=080h-09Fh -ASFR2=0100h-010Fh -ASFR3=0180h-018Fh \
  -preset_vec=00h,intentry,init,end_init -ppowerup=CODE -pcinit=CODE \
  -pfunctab=CODE -ACONFIG=02007h-02008h -pconfig=CONFIG -DCONFIG=2 \
  -AIDLOC=02000h-02003h -pidloc=IDLOC -DIDLOC=2 -AEEDATA=00h-0FFh/02100h \
  -peeprom_data=EEDATA -DEEDATA=2 -DCODE=2 -DSTRCODE=2 -DSTRING=2 -DCONST=2 \
  -DENTRY=2 -k C:\Users\Nhut\AppData\Local\Temp\sjf0.obj \
  dist/default/production\led_matrix_ds18b20.X.production.obj 

Object code version is 3.11

Machine type is 16F887



                Name                               Link     Load   Length Selector   Space Scale
C:\Users\Nhut\AppData\Local\Temp\sjf0.obj
                end_init                              0        0        3        0       0
                config                             2007     2007        2     400E       0
dist/default/production\led_matrix_ds18b20.X.production.obj
                cinit                               7F6      7F6        A      FEC       0
                text4_split_12                       45       45      7B1       8A       0
                text4_split_11                      CF2      CF2       8A     19E4       0
                text4_split_10                      E09      E09       90     1C12       0
                text4_split_9                       F40      F40       C0     1E80       0
                text4_split_8                       B59      B59       88     16B2       0
                text4_split_7                       A4C      A4C       86     1498       0
                text4_split_6                       E99      E99       A7     1D32       0
                text4_split_5                       D7C      D7C       8D     1AF8       0
                text4_split_4                       BE1      BE1       88     17C2       0
                text4_split_3                       AD2      AD2       87     15A4       0
                text4_split_2                       943      943       84     1286       0
                text4_split_1                       9C7      9C7       85     138E       0
                text7                                 7        7        7        E       0
                text6                               8C0      8C0       25     1180       0
                text5                              17A5     17A5       5B     2F4A       0
                text4                               C69      C69       89     18D2       0
                text3                                 E        E        A       1C       0
                text2                                18       18       2D       30       0
                text1                               8E5      8E5       5E     11CA       0
                maintext                           1786     1786       1F     2F0C       0
                cstackBANK0                          20       20        D       20       1
                cstackCOMMON                         70       70        B       70       1
                bssBANK0                             2D       2D        3       20       1
                bssCOMMON                            7B       7B        3       70       1
                strings                             800      800       AE     1000       0

TOTAL           Name                               Link     Load   Length     Space
        CLASS   STACK          

        CLASS   CODE           
                end_init                              0        0        3         0
                cinit                               7F6      7F6        A         0
                text4_split_12                       45       45      7B1         0
                text4_split_11                      CF2      CF2       8A         0
                text4_split_10                      E09      E09       90         0
                text4_split_9                       F40      F40       C0         0
                text4_split_8                       B59      B59       88         0
                text4_split_7                       A4C      A4C       86         0
                text4_split_6                       E99      E99       A7         0
                text4_split_5                       D7C      D7C       8D         0
                text4_split_4                       BE1      BE1       88         0
                text4_split_3                       AD2      AD2       87         0
                text4_split_2                       943      943       84         0
                text4_split_1                       9C7      9C7       85         0
                text7                                 7        7        7         0
                text6                               8C0      8C0       25         0
                text5                              17A5     17A5       5B         0
                text4                               C69      C69       89         0
                text3                                 E        E        A         0
                text2                                18       18       2D         0
                text1                               8E5      8E5       5E         0
                maintext                           1786     1786       1F         0

        CLASS   STRCODE        

        CLASS   STRING         
                strings                             800      800       AE         0

        CLASS   CONST          

        CLASS   ENTRY          

        CLASS   COMMON         
                cstackCOMMON                         70       70        B         1
                bssCOMMON                            7B       7B        3         1

        CLASS   BANK0          
                cstackBANK0                          20       20        D         1
                bssBANK0                             2D       2D        3         1

        CLASS   BANK1          

        CLASS   BANK2          

        CLASS   BANK3          

        CLASS   RAM            

        CLASS   ABS1           
                abs_s1                               7E       7E        2         1

        CLASS   SFR0           

        CLASS   SFR1           

        CLASS   SFR2           

        CLASS   SFR3           

        CLASS   CONFIG         
                config                             2007     2007        2         0

        CLASS   IDLOC          

        CLASS   EEDATA         



SEGMENTS        Name                           Load    Length   Top    Selector   Space  Class     Delta

                reset_vec                      000000  000003  000003         0       0  CODE        2
                text7                          000007  000007  00000E         E       0  CODE        2
                text3                          00000E  00000A  000018        1C       0  CODE        2
                cstackBANK0                    000020  000010  000030        20       1  BANK0       1
                text2                          000018  00002D  000045        30       0  CODE        2
                cstackCOMMON                   000070  00000E  00007E        70       1  COMMON      1
                text4_split_12                 000045  0007B1  0007F6        8A       0  CODE        2
                cinit                          0007F6  00000A  000800       FEC       0  CODE        2
                strings                        000800  0000AE  0008AE      1000       0  STRING      2
                text6                          0008C0  000025  0008E5      1180       0  CODE        2
                text1                          0008E5  00005E  000943      11CA       0  CODE        2
                text4_split_2                  000943  000084  0009C7      1286       0  CODE        2
                text4_split_1                  0009C7  000085  000A4C      138E       0  CODE        2
                text4_split_7                  000A4C  000086  000AD2      1498       0  CODE        2
                text4_split_3                  000AD2  000087  000B59      15A4       0  CODE        2
                text4_split_8                  000B59  000088  000BE1      16B2       0  CODE        2
                text4_split_4                  000BE1  000088  000C69      17C2       0  CODE        2
                text4                          000C69  000089  000CF2      18D2       0  CODE        2
                text4_split_11                 000CF2  00008A  000D7C      19E4       0  CODE        2
                text4_split_5                  000D7C  00008D  000E09      1AF8       0  CODE        2
                text4_split_10                 000E09  000090  000E99      1C12       0  CODE        2
                text4_split_6                  000E99  0000A7  000F40      1D32       0  CODE        2
                text4_split_9                  000F40  0000C0  001000      1E80       0  CODE        2
                maintext                       001786  00001F  0017A5      2F0C       0  CODE        2
                text5                          0017A5  00005B  001800      2F4A       0  CODE        2
                config                         002007  000002  002009      400E       0  CONFIG      2


UNUSED ADDRESS RANGES

        Name                Unused          Largest block    Delta
        BANK0            000030-00006F               40           1
        BANK1            0000A0-0000EF               50           1
        BANK2            000110-00016F               60           1
        BANK3            000190-0001EF               60           1
        CODE             000003-000006                4           2
                         0008AE-0008BF               12
                         001000-001785              786
                         001800-001FFF              800
        CONST            000003-000006                4           2
                         0008AE-0008BF               12
                         001000-001785              100
                         001800-001FFF              100
        EEDATA           002100-0021FF              100           2
        ENTRY            000003-000006                4           2
                         0008AE-0008BF               12
                         001000-001785              100
                         001800-001FFF              100
        IDLOC            002000-002003                4           2
        RAM              000030-00006F               40           1
                         0000A0-0000EF               50
                         000110-00016F               60
                         000190-0001EF               60
        SFR0             000000-00001F               20           1
        SFR1             000080-00009F               20           1
        SFR2             000100-00010F               10           1
        SFR3             000180-00018F               10           1
        STACK            000110-00016F               60           1
        STRCODE          000003-000006                4           2
                         0008AE-0008BF               12
                         001000-001785              786
                         001800-001FFF              800
        STRING           000003-000006                4           2
                         0008AE-0008BF               12
                         001000-001785              100
                         001800-001FFF              100

                                  Symbol Table

_PORTD                       (abs)        000008
_PORTE                       (abs)        000009
_RD2                         (abs)        000042
_RD3                         (abs)        000043
_RD4                         (abs)        000044
_RD5                         (abs)        000045
_RD6                         (abs)        000046
_RD7                         (abs)        000047
_RE2                         (abs)        00004A
_TRISD                       (abs)        000088
_TRISE                       (abs)        000089
__CFG_BOR4V$BOR40V           (abs)        000000
__CFG_BOREN$ON               (abs)        000000
__CFG_CP$OFF                 (abs)        000000
__CFG_CPD$OFF                (abs)        000000
__CFG_FCMEN$ON               (abs)        000000
__CFG_FOSC$INTRC_NOCLKOUT    (abs)        000000
__CFG_IESO$ON                (abs)        000000
__CFG_LVP$ON                 (abs)        000000
__CFG_MCLRE$ON               (abs)        000000
__CFG_PWRTE$OFF              (abs)        000000
__CFG_WDTE$OFF               (abs)        000000
__CFG_WRT$OFF                (abs)        000000
__Habs1                      abs1         000000
__Hbank0                     bank0        000000
__Hbank1                     bank1        000000
__Hbank2                     bank2        000000
__Hbank3                     bank3        000000
__HbssBANK0                  bssBANK0     000000
__HbssCOMMON                 bssCOMMON    000000
__Hcinit                     cinit        000800
__Hclrtext                   clrtext      000000
__Hcode                      code         000000
__Hcommon                    common       000000
__Hconfig                    config       002009
__HcstackBANK0               cstackBANK0  000000
__HcstackCOMMON              cstackCOMMON 000000
__Heeprom_data               eeprom_data  000000
__Hend_init                  end_init     000003
__Hfunctab                   functab      000000
__Hidloc                     idloc        000000
__Hinit                      init         000000
__Hintentry                  intentry     000000
__Hmaintext                  maintext     000000
__Hpowerup                   powerup      000000
__Hram                       ram          000000
__Hreset_vec                 reset_vec    000000
__Hsfr0                      sfr0         000000
__Hsfr1                      sfr1         000000
__Hsfr2                      sfr2         000000
__Hsfr3                      sfr3         000000
__Hspace_0                   (abs)        002009
__Hspace_1                   (abs)        00007E
__Hspace_2                   (abs)        000000
__Hspace_3                   (abs)        000000
__Hstack                     stack        000000
__Hstrings                   strings      000000
__Htext                      text         000000
__Labs1                      abs1         000000
__Lbank0                     bank0        000000
__Lbank1                     bank1        000000
__Lbank2                     bank2        000000
__Lbank3                     bank3        000000
__LbssBANK0                  bssBANK0     000000
__LbssCOMMON                 bssCOMMON    000000
__Lcinit                     cinit        0007F6
__Lclrtext                   clrtext      000000
__Lcode                      code         000000
__Lcommon                    common       000000
__Lconfig                    config       002007
__LcstackBANK0               cstackBANK0  000000
__LcstackCOMMON              cstackCOMMON 000000
__Leeprom_data               eeprom_data  000000
__Lend_init                  end_init     000000
__Lfunctab                   functab      000000
__Lidloc                     idloc        000000
__Linit                      init         000000
__Lintentry                  intentry     000000
__Lmaintext                  maintext     000000
__Lpowerup                   powerup      000000
__Lram                       ram          000000
__Lreset_vec                 reset_vec    000000
__Lsfr0                      sfr0         000000
__Lsfr1                      sfr1         000000
__Lsfr2                      sfr2         000000
__Lsfr3                      sfr3         000000
__Lspace_0                   (abs)        000000
__Lspace_1                   (abs)        000000
__Lspace_2                   (abs)        000000
__Lspace_3                   (abs)        000000
__Lstack                     stack        000000
__Lstrings                   strings      000000
__Ltext                      text         000000
__S0                         (abs)        002009
__S1                         (abs)        00007E
__S2                         (abs)        000000
__S3                         (abs)        000000
___int_sp                    stack        000000
___latbits                   (abs)        000002
___sp                        stack        000000
__end_of__initialization     cinit        0007FC
__end_of__stringtab          strings      000806
__end_of_d_row0              strings      00081B
__end_of_d_row1              strings      000830
__end_of_d_row2              strings      000845
__end_of_d_row3              strings      00085A
__end_of_d_row4              strings      00086F
__end_of_d_row5              strings      000884
__end_of_d_row6              strings      000899
__end_of_d_row7              strings      0008AE
__end_of_data_to_column      text5        001800
__end_of_data_to_row         text4_split_12 0007F6
__end_of_ds18b20_initialize  text7        00000E
__end_of_main                maintext     0017A5
__end_of_next_row            text3        000018
__end_of_select_line         text2        000045
__end_of_sys_initialize      text6        0008E5
__end_of_write_line          text1        000943
__initialization             cinit        0007F6
__pbssBANK0                  bssBANK0     00002D
__pbssCOMMON                 bssCOMMON    00007B
__pcstackBANK0               cstackBANK0  000020
__pcstackCOMMON              cstackCOMMON 000070
__pmaintext                  maintext     001786
__pstrings                   strings      000800
__ptext1                     text1        0008E5
__ptext2                     text2        000018
__ptext3                     text3        00000E
__ptext4                     text4        000C69
__ptext5                     text5        0017A5
__ptext6                     text6        0008C0
__ptext7                     text7        000007
__size_of_data_to_column     (abs)        000000
__size_of_data_to_row        (abs)        000000
__size_of_ds18b20_initialize (abs)        000000
__size_of_main               (abs)        000000
__size_of_next_row           (abs)        000000
__size_of_select_line        (abs)        000000
__size_of_sys_initialize     (abs)        000000
__size_of_write_line         (abs)        000000
__stringbase                 strings      000805
__stringtab                  strings      000800
_d_column                    bssCOMMON    00007B
_d_row0                      strings      000806
_d_row1                      strings      00081B
_d_row2                      strings      000830
_d_row3                      strings      000845
_d_row4                      strings      00085A
_d_row5                      strings      00086F
_d_row6                      strings      000884
_d_row7                      strings      000899
_data_to_column              text5        0017A5
_data_to_row                 text4        000C69
_ds18b20_initialize          text7        000007
_line1                       bssBANK0     00002D
_line2                       bssBANK0     00002E
_line3                       bssBANK0     00002F
_main                        maintext     001786
_next_row                    text3        00000E
_select_line                 text2        000018
_sys_initialize              text6        0008C0
_write_line                  text1        0008E5
btemp                        (abs)        00007E
data_to_column@d_col         cstackCOMMON 000070
data_to_column@loop          cstackCOMMON 000076
data_to_row@d_row            cstackCOMMON 000078
data_to_row@mask             cstackCOMMON 000077
end_of_initialization        cinit        0007FC
intlevel0                    functab      000000
intlevel1                    functab      000000
intlevel2                    functab      000000
intlevel3                    functab      000000
intlevel4                    functab      000000
intlevel5                    functab      000000
ltemp                        (abs)        00007E
ltemp0                       (abs)        00007E
ltemp1                       (abs)        000082
ltemp2                       (abs)        000086
ltemp3                       (abs)        000080
main@line_num                cstackCOMMON 00007A
pnum$text4                   (abs)        00000C
pnum$text4_split_1           (abs)        000010
pnum$text4_split_10          (abs)        000019
pnum$text4_split_11          (abs)        00001A
pnum$text4_split_12          (abs)        00001B
pnum$text4_split_2           (abs)        000011
pnum$text4_split_3           (abs)        000012
pnum$text4_split_4           (abs)        000013
pnum$text4_split_5           (abs)        000014
pnum$text4_split_6           (abs)        000015
pnum$text4_split_7           (abs)        000016
pnum$text4_split_8           (abs)        000017
pnum$text4_split_9           (abs)        000018
psplit$0                     (abs)        0C0010
psplit$1                     (abs)        100011
psplit$10                    (abs)        19001A
psplit$11                    (abs)        1A001B
psplit$2                     (abs)        110012
psplit$3                     (abs)        120013
psplit$4                     (abs)        130014
psplit$5                     (abs)        140015
psplit$6                     (abs)        150016
psplit$7                     (abs)        160017
psplit$8                     (abs)        170018
psplit$9                     (abs)        180019
reset_vec                    reset_vec    000000
select_line@line_number      cstackCOMMON 000072
select_line@loop             cstackCOMMON 000073
stackhi                      (abs)        000000
stacklo                      (abs)        000000
start                        init         000000
start_initialization         cinit        0007F6
ttemp                        (abs)        00007E
ttemp0                       (abs)        00007E
ttemp1                       (abs)        000081
ttemp2                       (abs)        000084
ttemp3                       (abs)        000087
ttemp4                       (abs)        00007F
write_line@line_number       cstackCOMMON 000079
wtemp                        (abs)        00007E
wtemp0                       (abs)        00007E
wtemp1                       (abs)        000080
wtemp2                       (abs)        000082
wtemp3                       (abs)        000084
wtemp4                       (abs)        000086
wtemp5                       (abs)        000088
wtemp6                       (abs)        00007F


FUNCTION INFORMATION:

 *************** function _main *****************
 Defined at:
		line 212 in file "led_matrix_ds18b20.c"
 Parameters:    Size  Location     Type
		None
 Auto vars:     Size  Location     Type
  line_num        1   10[COMMON] unsigned char 
 Return value:  Size  Location     Type
		None               void
 Registers used:
		wreg, fsr0l, fsr0h, status,2, status,0, pclath, cstack
 Tracked objects:
		On entry : 
		On exit  : 
		Unchanged: 
 Data sizes:     COMMON   BANK0   BANK1   BANK3   BANK2
      Params:         0       0       0       0       0
      Locals:         1       0       0       0       0
      Temps:          0       0       0       0       0
      Totals:         1       0       0       0       0
Total ram usage:        1 bytes
 Hardware stack levels required when called:    3
 This function calls:
		_sys_initialize
		_write_line
 This function is called by:
		Startup code after reset
 This function uses a non-reentrant model


 *************** function _write_line *****************
 Defined at:
		line 191 in file "led_matrix_ds18b20.c"
 Parameters:    Size  Location     Type
  line_number     1    wreg     unsigned char 
 Auto vars:     Size  Location     Type
  line_number     1    9[COMMON] unsigned char 
 Return value:  Size  Location     Type
		None               void
 Registers used:
		wreg, fsr0l, fsr0h, status,2, status,0, pclath, cstack
 Tracked objects:
		On entry : 
		On exit  : 
		Unchanged: 
 Data sizes:     COMMON   BANK0   BANK1   BANK3   BANK2
      Params:         0       0       0       0       0
      Locals:         1       0       0       0       0
      Temps:          0       0       0       0       0
      Totals:         1       0       0       0       0
Total ram usage:        1 bytes
 Hardware stack levels used:    1
 Hardware stack levels required when called:    2
 This function calls:
		_data_to_row
		_next_row
		_select_line
 This function is called by:
		_main
 This function uses a non-reentrant model


 *************** function _select_line *****************
 Defined at:
		line 165 in file "led_matrix_ds18b20.c"
 Parameters:    Size  Location     Type
  line_number     1    wreg     unsigned char 
 Auto vars:     Size  Location     Type
  line_number     1    2[COMMON] unsigned char 
  loop            1    3[COMMON] unsigned char 
 Return value:  Size  Location     Type
		None               void
 Registers used:
		wreg, status,2, status,0
 Tracked objects:
		On entry : 
		On exit  : 
		Unchanged: 
 Data sizes:     COMMON   BANK0   BANK1   BANK3   BANK2
      Params:         0       0       0       0       0
      Locals:         2       0       0       0       0
      Temps:          2       0       0       0       0
      Totals:         4       0       0       0       0
Total ram usage:        4 bytes
 Hardware stack levels used:    1
 This function calls:
		Nothing
 This function is called by:
		_write_line
 This function uses a non-reentrant model


 *************** function _next_row *****************
 Defined at:
		line 180 in file "led_matrix_ds18b20.c"
 Parameters:    Size  Location     Type
		None
 Auto vars:     Size  Location     Type
		None
 Return value:  Size  Location     Type
		None               void
 Registers used:
		None
 Tracked objects:
		On entry : 
		On exit  : 
		Unchanged: 
 Data sizes:     COMMON   BANK0   BANK1   BANK3   BANK2
      Params:         0       0       0       0       0
      Locals:         0       0       0       0       0
      Temps:          0       0       0       0       0
      Totals:         0       0       0       0       0
Total ram usage:        0 bytes
 Hardware stack levels used:    1
 This function calls:
		Nothing
 This function is called by:
		_write_line
 This function uses a non-reentrant model


 *************** function _data_to_row *****************
 Defined at:
		line 41 in file "led_matrix_ds18b20.c"
 Parameters:    Size  Location     Type
  d_row           1    wreg     PTR const unsigned char 
		 -> d_row7(21), d_row6(21), d_row5(21), d_row4(21), 
		 -> d_row3(21), d_row2(21), d_row1(21), d_row0(21), 
 Auto vars:     Size  Location     Type
  d_row           1    8[COMMON] PTR const unsigned char 
		 -> d_row7(21), d_row6(21), d_row5(21), d_row4(21), 
		 -> d_row3(21), d_row2(21), d_row1(21), d_row0(21), 
  mask            1    7[COMMON] unsigned char 
 Return value:  Size  Location     Type
		None               void
 Registers used:
		wreg, fsr0l, fsr0h, status,2, status,0, pclath, cstack
 Tracked objects:
		On entry : 
		On exit  : 
		Unchanged: 
 Data sizes:     COMMON   BANK0   BANK1   BANK3   BANK2
      Params:         0       0       0       0       0
      Locals:         2       0       0       0       0
      Temps:          0      13       0       0       0
      Totals:         2      13       0       0       0
Total ram usage:       15 bytes
 Hardware stack levels used:    1
 Hardware stack levels required when called:    1
 This function calls:
		_data_to_column
 This function is called by:
		_write_line
 This function uses a non-reentrant model


 *************** function _data_to_column *****************
 Defined at:
		line 15 in file "led_matrix_ds18b20.c"
 Parameters:    Size  Location     Type
  d_col           3    0[COMMON] unsigned um
 Auto vars:     Size  Location     Type
  loop            1    6[COMMON] unsigned char 
 Return value:  Size  Location     Type
		None               void
 Registers used:
		wreg, status,2, status,0
 Tracked objects:
		On entry : 
		On exit  : 
		Unchanged: 
 Data sizes:     COMMON   BANK0   BANK1   BANK3   BANK2
      Params:         3       0       0       0       0
      Locals:         1       0       0       0       0
      Temps:          3       0       0       0       0
      Totals:         7       0       0       0       0
Total ram usage:        7 bytes
 Hardware stack levels used:    1
 This function calls:
		Nothing
 This function is called by:
		_data_to_row
 This function uses a non-reentrant model


 *************** function _sys_initialize *****************
 Defined at:
		line 3 in file "led_matrix_ds18b20.c"
 Parameters:    Size  Location     Type
		None
 Auto vars:     Size  Location     Type
		None
 Return value:  Size  Location     Type
		None               void
 Registers used:
		wreg, status,2, status,0, pclath, cstack
 Tracked objects:
		On entry : 
		On exit  : 
		Unchanged: 
 Data sizes:     COMMON   BANK0   BANK1   BANK3   BANK2
      Params:         0       0       0       0       0
      Locals:         0       0       0       0       0
      Temps:          2       0       0       0       0
      Totals:         2       0       0       0       0
Total ram usage:        2 bytes
 Hardware stack levels used:    1
 Hardware stack levels required when called:    1
 This function calls:
		_ds18b20_initialize
 This function is called by:
		_main
 This function uses a non-reentrant model


 *************** function _ds18b20_initialize *****************
 Defined at:
		line 4 in file "myds18b20.c"
 Parameters:    Size  Location     Type
		None
 Auto vars:     Size  Location     Type
		None
 Return value:  Size  Location     Type
		None               void
 Registers used:
		status,2
 Tracked objects:
		On entry : 
		On exit  : 
		Unchanged: 
 Data sizes:     COMMON   BANK0   BANK1   BANK3   BANK2
      Params:         0       0       0       0       0
      Locals:         0       0       0       0       0
      Temps:          0       0       0       0       0
      Totals:         0       0       0       0       0
Total ram usage:        0 bytes
 Hardware stack levels used:    1
 This function calls:
		Nothing
 This function is called by:
		_sys_initialize
 This function uses a non-reentrant model



MODULE INFORMATION

Module		Function		Class		Link	Load	Size
myds18b20.c
		_ds18b20_initialize		CODE           	0007	0000	8

myds18b20.c estimated size: 8

shared
		_d_row7        		STRING         	0899	0000	22
		__stringtab    		STRING         	0800	0000	7
		_d_row2        		STRING         	0830	0000	22
		_d_row5        		STRING         	086F	0000	22
		__initialization		CODE           	07F6	0000	7
		_d_row0        		STRING         	0806	0000	22
		_d_row3        		STRING         	0845	0000	22
		_d_row6        		STRING         	0884	0000	22
		_d_row1        		STRING         	081B	0000	22
		_d_row4        		STRING         	085A	0000	22

shared estimated size: 190

led_matrix_ds18b20.c
		_select_line   		CODE           	0018	0000	46
		_data_to_row   		CODE           	0C69	0000	3695
		_main          		CODE           	1786	0000	32
		_sys_initialize		CODE           	08C0	0000	38
		_data_to_column		CODE           	17A5	0000	92
		_next_row      		CODE           	000E	0000	11
		_write_line    		CODE           	08E5	0000	95

led_matrix_ds18b20.c estimated size: 4009

